// Jest Snapshot v1, https://goo.gl/fbAQLP

exports[`Checkbox Snapshot renders correctly 1`] = `
<Fragment>
  <FormCheck
    aria-invalid="false"
    className="input"
    data-cy=""
    id=""
    name=""
  />
</Fragment>
`;
