// Jest Snapshot v1, https://goo.gl/fbAQLP

exports[`Button renders correctly 1`] = `
<Button
  active={false}
  disabled={false}
  type="button"
  variant="primary"
/>
`;
